DEBUG:root:Add: 20 + 10 = 30
DEBUG:root:Sub: 20 - 10 = 10
DEBUG:root:Mul: 20 * 10 = 200
DEBUG:root:Div: 20 / 10 = 2.0
DEBUG:root:Add: 20 + 10 = 30
DEBUG:root:Sub: 20 - 10 = 10
DEBUG:root:Mul: 20 * 10 = 200
DEBUG:root:Div: 20 / 10 = 2.0
aaDEBUG:root:Add: 20 + 10 = 30
DEBUG:root:Sub: 20 - 10 = 10
DEBUG:root:Mul: 20 * 10 = 200
DEBUG:root:Div: 20 / 10 = 2.0
2025-09-11 11:46:19,016 - Add: 20 + 10 = 30
2025-09-11 11:46:19,016 - Sub: 20 - 10 = 10
2025-09-11 11:46:19,016 - Mul: 20 * 10 = 200
2025-09-11 11:46:19,017 - Div: 20 / 10 = 2.0
2025-09-11 11:56:52,018 - Add: 20 + 10 = 30
2025-09-11 11:56:52,018 - Sub: 20 - 10 = 10
2025-09-11 11:56:52,018 - Mul: 20 * 10 = 200
2025-09-11 11:56:52,018 - Div: 20 / 10 = 2.0
2025-09-11 12:02:30,374 - Add: 20 + 10 = 30
2025-09-11 12:02:34,286 - Sub: 20 - 10 = 10
2025-09-11 12:02:34,286 - Mul: 20 * 10 = 200
2025-09-11 12:02:34,286 - Div: 20 / 10 = 2.0
2025-09-11 12:17:00,155 - Add: 20 + 10 = 30
2025-09-11 12:17:50,529 - Add: 20 + 10 = 30
2025-09-11 12:17:54,399 - Sub: 20 - 10 = 10
2025-09-11 12:17:54,399 - Mul: 20 * 10 = 200
2025-09-11 12:17:54,399 - Div: 20 / 10 = 2.0
